  Determining projects to restore...
  All projects are up-to-date for restore.
D:\Projects 2.0\Lethal Company\Lethal-Bots\Patches\NpcPatches\PlayerControllerBPatch.cs(183,17): warning CS0162: Unreachable code detected [D:\Projects 2.0\Lethal Company\Lethal-Bots\LethalBot.csproj]
D:\Projects 2.0\Lethal Company\Lethal-Bots\Patches\NpcPatches\PlayerControllerBPatch.cs(287,17): warning CS0162: Unreachable code detected [D:\Projects 2.0\Lethal Company\Lethal-Bots\LethalBot.csproj]
D:\Projects 2.0\Lethal Company\Lethal-Bots\Patches\GameEnginePatches\RoundManagerPatch.cs(22,13): warning CS0162: Unreachable code detected [D:\Projects 2.0\Lethal Company\Lethal-Bots\LethalBot.csproj]
D:\Projects 2.0\Lethal Company\Lethal-Bots\Patches\GameEnginePatches\RoundManagerPatch.cs(39,13): warning CS0162: Unreachable code detected [D:\Projects 2.0\Lethal Company\Lethal-Bots\LethalBot.csproj]
D:\Projects 2.0\Lethal Company\Lethal-Bots\Utils\LineRendererUtil.cs(29,13): warning CS0162: Unreachable code detected [D:\Projects 2.0\Lethal Company\Lethal-Bots\LethalBot.csproj]
D:\Projects 2.0\Lethal Company\Lethal-Bots\Patches\GameEnginePatches\NetworkObjectPatch.cs(53,13): warning CS0162: Unreachable code detected [D:\Projects 2.0\Lethal Company\Lethal-Bots\LethalBot.csproj]
  LethalBot -> D:\Projects 2.0\Lethal Company\Lethal-Bots\bin\Debug\netstandard2.1\LethalBots.dll
  Tool 'tcli' (version '0.2.4') was restored. Available commands: tcli
  Tool 'evaisa.netcodepatcher.cli' (version '4.4.2') was restored. Available commands: netcode-patch
  
  Restore was successful.
  [22:39:36 INF] Initializing NetcodePatcher v4.4.2+e3d9b437776f03f54da0f2135ea9af2bda4919c5
  [22:39:36 DBG] Provided 'plugins' input: D:\Projects 2.0\Lethal Company\Lethal-Bots\bin\Debug\netstandard2.1\LethalBots.dll
  [22:39:36 DBG] Provided 'dependencies' input: ["C:\\Users\\ethan\\.nuget\\packages\\harmonyx\\2.7.0\\lib\\netstandard2.0\\0Harmony.dll", "D:\\Projects 2.0\\Lethal Company\\Lethal-Bots\\lib\\Assembly-CSharp-firstpass.dll", "D:\\Projects 2.0\\Lethal Company\\Lethal-Bots\\lib\\Assembly-CSharp.dll", "C:\\Users\\ethan\\.nuget\\packages\\bepinex.baselib\\5.4.20\\lib\\netstandard2.0\\BepInEx.dll", "D:\\Projects 2.0\\Lethal Company\\Lethal-Bots\\lib\\mods\\BetterEmotes.dll", "D:\\Projects 2.0\\Lethal Company\\Lethal-Bots\\lib\\mods\\BunkbedRevive.dll", "D:\\Projects 2.0\\Lethal Company\\Lethal-Bots\\lib\\mods\\com.sigurd.csync.dll", "D:\\Projects 2.0\\Lethal Company\\Lethal-Bots\\lib\\mods\\CustomItemBehaviourLibrary.dll", "D:\\Projects 2.0\\Lethal Company\\Lethal-Bots\\lib\\Facepunch.Steamworks.Win64.dll", "D:\\Projects 2.0\\Lethal Company\\Lethal-Bots\\lib\\mods\\FacilityMeltdown.dll", "D:\\Projects 2.0\\Lethal Company\\Lethal-Bots\\lib\\mods\\FasterItemDropship.dll", "C:\\Users\\ethan\\.nuget\\packages\\rune580.mods.lethalcompany.inpututils\\0.7.12\\lib\\netstandard2.1\\LethalCompanyInputUtils.dll", "D:\\Projects 2.0\\Lethal Company\\Lethal-Bots\\lib\\mods\\LethalInternship.dll", "C:\\Users\\ethan\\.nuget\\packages\\evaisa.lethallib\\1.1.1\\lib\\netstandard2.1\\LethalLib.dll", "D:\\Projects 2.0\\Lethal Company\\Lethal-Bots\\lib\\mods\\LethalPhones.dll", "C:\\Program Files\\dotnet\\packs\\NETStandard.Library.Ref\\2.1.0\\ref\\netstandard2.1\\Microsoft.Win32.Primitives.dll", "D:\\Projects 2.0\\Lethal Company\\Lethal-Bots\\lib\\mods\\ModelReplacementAPI.dll", "C:\\Users\\ethan\\.nuget\\packages\\mono.cecil\\0.11.4\\lib\\netstandard2.0\\Mono.Cecil.dll", "C:\\Users\\ethan\\.nuget\\packages\\mono.cecil\\0.11.4\\lib\\netstandard2.0\\Mono.Cecil.Mdb.dll", "C:\\Users\\ethan\\.nuget\\packages\\mono.cecil\\0.11.4\\lib\\netstandard2.0\\Mono.Cecil.Pdb.dll", "C:\\Users\\ethan\\.nuget\\packages\\mono.cecil\\0.11.4\\lib\\netstandard2.0\\Mono.Cecil.Rocks.dll", "C:\\Users\\ethan\\.nuget\\packages\\monomod.runtimedetour\\21.12.13.1\\lib\\netstandard2.0\\MonoMod.RuntimeDetour.dll", "C:\\Users\\ethan\\.nuget\\packages\\monomod.utils\\21.12.13.1\\lib\\netstandard2.0\\MonoMod.Utils.dll", "D:\\Projects 2.0\\Lethal Company\\Lethal-Bots\\lib\\mods\\MoreCompany.dll", "D:\\Projects 2.0\\Lethal Company\\Lethal-Bots\\lib\\mods\\MoreEmotes1.3.3.dll", "C:\\Program Files\\dotnet\\packs\\NETStandard.Library.Ref\\2.1.0\\ref\\netstandard2.1\\mscorlib.dll", "C:\\Program Files\\dotnet\\packs\\NETStandard.Library.Ref\\2.1.0\\ref\\netstandard2.1\\netstandard.dll", "C:\\Users\\ethan\\.nuget\\packages\\newtonsoft.json\\13.0.4\\lib\\netstandard2.0\\Newtonsoft.Json.dll", "D:\\Projects 2.0\\Lethal Company\\Lethal-Bots\\lib\\mods\\NoteBoxz.LethalMin.dll", "D:\\Projects 2.0\\Lethal Company\\Lethal-Bots\\lib\\mods\\Peepers.dll", "D:\\Projects 2.0\\Lethal Company\\Lethal-Bots\\lib\\mods\\PySpeech.dll", "D:\\Projects 2.0\\Lethal Company\\Lethal-Bots\\lib\\mods\\ReviveCompany.dll", "C:\\Program Files\\dotnet\\packs\\NETStandard.Library.Ref\\2.1.0\\ref\\netstandard2.1\\System.AppContext.dll", "C:\\Program Files\\dotnet\\packs\\NETStandard.Library.Ref\\2.1.0\\ref\\netstandard2.1\\System.Buffers.dll", "C:\\Program Files\\dotnet\\packs\\NETStandard.Library.Ref\\2.1.0\\ref\\netstandard2.1\\System.Collections.Concurrent.dll", "C:\\Program Files\\dotnet\\packs\\NETStandard.Library.Ref\\2.1.0\\ref\\netstandard2.1\\System.Collections.dll", "C:\\Program Files\\dotnet\\packs\\NETStandard.Library.Ref\\2.1.0\\ref\\netstandard2.1\\System.Collections.NonGeneric.dll", "C:\\Program Files\\dotnet\\packs\\NETStandard.Library.Ref\\2.1.0\\ref\\netstandard2.1\\System.Collections.Specialized.dll", "C:\\Program Files\\dotnet\\packs\\NETStandard.Library.Ref\\2.1.0\\ref\\netstandard2.1\\System.ComponentModel.Composition.dll", "C:\\Program Files\\dotnet\\packs\\NETStandard.Library.Ref\\2.1.0\\ref\\netstandard2.1\\System.ComponentModel.dll", "C:\\Program Files\\dotnet\\packs\\NETStandard.Library.Ref\\2.1.0\\ref\\netstandard2.1\\System.ComponentModel.EventBasedAsync.dll", "C:\\Program Files\\dotnet\\packs\\NETStandard.Library.Ref\\2.1.0\\ref\\netstandard2.1\\System.ComponentModel.Primitives.dll", "C:\\Program Files\\dotnet\\packs\\NETStandard.Library.Ref\\2.1.0\\ref\\netstandard2.1\\System.ComponentModel.TypeConverter.dll", "C:\\Program Files\\dotnet\\packs\\NETStandard.Library.Ref\\2.1.0\\ref\\netstandard2.1\\System.Console.dll", "C:\\Program Files\\dotnet\\packs\\NETStandard.Library.Ref\\2.1.0\\ref\\netstandard2.1\\System.Core.dll", "C:\\Program Files\\dotnet\\packs\\NETStandard.Library.Ref\\2.1.0\\ref\\netstandard2.1\\System.Data.Common.dll", "C:\\Program Files\\dotnet\\packs\\NETStandard.Library.Ref\\2.1.0\\ref\\netstandard2.1\\System.Data.dll", "C:\\Program Files\\dotnet\\packs\\NETStandard.Library.Ref\\2.1.0\\ref\\netstandard2.1\\System.Diagnostics.Contracts.dll", "C:\\Program Files\\dotnet\\packs\\NETStandard.Library.Ref\\2.1.0\\ref\\netstandard2.1\\System.Diagnostics.Debug.dll", "C:\\Program Files\\dotnet\\packs\\NETStandard.Library.Ref\\2.1.0\\ref\\netstandard2.1\\System.Diagnostics.FileVersionInfo.dll", "C:\\Program Files\\dotnet\\packs\\NETStandard.Library.Ref\\2.1.0\\ref\\netstandard2.1\\System.Diagnostics.Process.dll", "C:\\Program Files\\dotnet\\packs\\NETStandard.Library.Ref\\2.1.0\\ref\\netstandard2.1\\System.Diagnostics.StackTrace.dll", "C:\\Program Files\\dotnet\\packs\\NETStandard.Library.Ref\\2.1.0\\ref\\netstandard2.1\\System.Diagnostics.TextWriterTraceListener.dll", "C:\\Program Files\\dotnet\\packs\\NETStandard.Library.Ref\\2.1.0\\ref\\netstandard2.1\\System.Diagnostics.Tools.dll", "C:\\Program Files\\dotnet\\packs\\NETStandard.Library.Ref\\2.1.0\\ref\\netstandard2.1\\System.Diagnostics.TraceSource.dll", "C:\\Program Files\\dotnet\\packs\\NETStandard.Library.Ref\\2.1.0\\ref\\netstandard2.1\\System.Diagnostics.Tracing.dll", "C:\\Program Files\\dotnet\\packs\\NETStandard.Library.Ref\\2.1.0\\ref\\netstandard2.1\\System.dll", "C:\\Program Files\\dotnet\\packs\\NETStandard.Library.Ref\\2.1.0\\ref\\netstandard2.1\\System.Drawing.dll", "C:\\Program Files\\dotnet\\packs\\NETStandard.Library.Ref\\2.1.0\\ref\\netstandard2.1\\System.Drawing.Primitives.dll", "C:\\Program Files\\dotnet\\packs\\NETStandard.Library.Ref\\2.1.0\\ref\\netstandard2.1\\System.Dynamic.Runtime.dll", "C:\\Program Files\\dotnet\\packs\\NETStandard.Library.Ref\\2.1.0\\ref\\netstandard2.1\\System.Globalization.Calendars.dll", "C:\\Program Files\\dotnet\\packs\\NETStandard.Library.Ref\\2.1.0\\ref\\netstandard2.1\\System.Globalization.dll", "C:\\Program Files\\dotnet\\packs\\NETStandard.Library.Ref\\2.1.0\\ref\\netstandard2.1\\System.Globalization.Extensions.dll", "C:\\Program Files\\dotnet\\packs\\NETStandard.Library.Ref\\2.1.0\\ref\\netstandard2.1\\System.IO.Compression.dll", "C:\\Program Files\\dotnet\\packs\\NETStandard.Library.Ref\\2.1.0\\ref\\netstandard2.1\\System.IO.Compression.FileSystem.dll", "C:\\Program Files\\dotnet\\packs\\NETStandard.Library.Ref\\2.1.0\\ref\\netstandard2.1\\System.IO.Compression.ZipFile.dll", "C:\\Program Files\\dotnet\\packs\\NETStandard.Library.Ref\\2.1.0\\ref\\netstandard2.1\\System.IO.dll", "C:\\Program Files\\dotnet\\packs\\NETStandard.Library.Ref\\2.1.0\\ref\\netstandard2.1\\System.IO.FileSystem.dll", "C:\\Program Files\\dotnet\\packs\\NETStandard.Library.Ref\\2.1.0\\ref\\netstandard2.1\\System.IO.FileSystem.DriveInfo.dll", "C:\\Program Files\\dotnet\\packs\\NETStandard.Library.Ref\\2.1.0\\ref\\netstandard2.1\\System.IO.FileSystem.Primitives.dll", "C:\\Program Files\\dotnet\\packs\\NETStandard.Library.Ref\\2.1.0\\ref\\netstandard2.1\\System.IO.FileSystem.Watcher.dll", "C:\\Program Files\\dotnet\\packs\\NETStandard.Library.Ref\\2.1.0\\ref\\netstandard2.1\\System.IO.IsolatedStorage.dll", "C:\\Program Files\\dotnet\\packs\\NETStandard.Library.Ref\\2.1.0\\ref\\netstandard2.1\\System.IO.MemoryMappedFiles.dll", "C:\\Program Files\\dotnet\\packs\\NETStandard.Library.Ref\\2.1.0\\ref\\netstandard2.1\\System.IO.Pipes.dll", "C:\\Program Files\\dotnet\\packs\\NETStandard.Library.Ref\\2.1.0\\ref\\netstandard2.1\\System.IO.UnmanagedMemoryStream.dll", "C:\\Program Files\\dotnet\\packs\\NETStandard.Library.Ref\\2.1.0\\ref\\netstandard2.1\\System.Linq.dll", "C:\\Program Files\\dotnet\\packs\\NETStandard.Library.Ref\\2.1.0\\ref\\netstandard2.1\\System.Linq.Expressions.dll", "C:\\Program Files\\dotnet\\packs\\NETStandard.Library.Ref\\2.1.0\\ref\\netstandard2.1\\System.Linq.Parallel.dll", "C:\\Program Files\\dotnet\\packs\\NETStandard.Library.Ref\\2.1.0\\ref\\netstandard2.1\\System.Linq.Queryable.dll", "C:\\Program Files\\dotnet\\packs\\NETStandard.Library.Ref\\2.1.0\\ref\\netstandard2.1\\System.Memory.dll", "C:\\Program Files\\dotnet\\packs\\NETStandard.Library.Ref\\2.1.0\\ref\\netstandard2.1\\System.Net.dll", "C:\\Program Files\\dotnet\\packs\\NETStandard.Library.Ref\\2.1.0\\ref\\netstandard2.1\\System.Net.Http.dll", "C:\\Program Files\\dotnet\\packs\\NETStandard.Library.Ref\\2.1.0\\ref\\netstandard2.1\\System.Net.NameResolution.dll", "C:\\Program Files\\dotnet\\packs\\NETStandard.Library.Ref\\2.1.0\\ref\\netstandard2.1\\System.Net.NetworkInformation.dll", "C:\\Program Files\\dotnet\\packs\\NETStandard.Library.Ref\\2.1.0\\ref\\netstandard2.1\\System.Net.Ping.dll", "C:\\Program Files\\dotnet\\packs\\NETStandard.Library.Ref\\2.1.0\\ref\\netstandard2.1\\System.Net.Primitives.dll", "C:\\Program Files\\dotnet\\packs\\NETStandard.Library.Ref\\2.1.0\\ref\\netstandard2.1\\System.Net.Requests.dll", "C:\\Program Files\\dotnet\\packs\\NETStandard.Library.Ref\\2.1.0\\ref\\netstandard2.1\\System.Net.Security.dll", "C:\\Program Files\\dotnet\\packs\\NETStandard.Library.Ref\\2.1.0\\ref\\netstandard2.1\\System.Net.Sockets.dll", "C:\\Program Files\\dotnet\\packs\\NETStandard.Library.Ref\\2.1.0\\ref\\netstandard2.1\\System.Net.WebHeaderCollection.dll", "C:\\Program Files\\dotnet\\packs\\NETStandard.Library.Ref\\2.1.0\\ref\\netstandard2.1\\System.Net.WebSockets.Client.dll", "C:\\Program Files\\dotnet\\packs\\NETStandard.Library.Ref\\2.1.0\\ref\\netstandard2.1\\System.Net.WebSockets.dll", "C:\\Program Files\\dotnet\\packs\\NETStandard.Library.Ref\\2.1.0\\ref\\netstandard2.1\\System.Numerics.dll", "C:\\Program Files\\dotnet\\packs\\NETStandard.Library.Ref\\2.1.0\\ref\\netstandard2.1\\System.Numerics.Vectors.dll", "C:\\Program Files\\dotnet\\packs\\NETStandard.Library.Ref\\2.1.0\\ref\\netstandard2.1\\System.ObjectModel.dll", "C:\\Program Files\\dotnet\\packs\\NETStandard.Library.Ref\\2.1.0\\ref\\netstandard2.1\\System.Reflection.DispatchProxy.dll", "C:\\Program Files\\dotnet\\packs\\NETStandard.Library.Ref\\2.1.0\\ref\\netstandard2.1\\System.Reflection.dll", "C:\\Program Files\\dotnet\\packs\\NETStandard.Library.Ref\\2.1.0\\ref\\netstandard2.1\\System.Reflection.Emit.dll", "C:\\Program Files\\dotnet\\packs\\NETStandard.Library.Ref\\2.1.0\\ref\\netstandard2.1\\System.Reflection.Emit.ILGeneration.dll", "C:\\Program Files\\dotnet\\packs\\NETStandard.Library.Ref\\2.1.0\\ref\\netstandard2.1\\System.Reflection.Emit.Lightweight.dll", "C:\\Program Files\\dotnet\\packs\\NETStandard.Library.Ref\\2.1.0\\ref\\netstandard2.1\\System.Reflection.Extensions.dll", "C:\\Program Files\\dotnet\\packs\\NETStandard.Library.Ref\\2.1.0\\ref\\netstandard2.1\\System.Reflection.Primitives.dll", "C:\\Users\\ethan\\.nuget\\packages\\system.reflection.typeextensions\\4.7.0\\ref\\netstandard2.0\\System.Reflection.TypeExtensions.dll", "C:\\Program Files\\dotnet\\packs\\NETStandard.Library.Ref\\2.1.0\\ref\\netstandard2.1\\System.Resources.Reader.dll", "C:\\Program Files\\dotnet\\packs\\NETStandard.Library.Ref\\2.1.0\\ref\\netstandard2.1\\System.Resources.ResourceManager.dll", "C:\\Program Files\\dotnet\\packs\\NETStandard.Library.Ref\\2.1.0\\ref\\netstandard2.1\\System.Resources.Writer.dll", "C:\\Program Files\\dotnet\\packs\\NETStandard.Library.Ref\\2.1.0\\ref\\netstandard2.1\\System.Runtime.CompilerServices.VisualC.dll", "C:\\Program Files\\dotnet\\packs\\NETStandard.Library.Ref\\2.1.0\\ref\\netstandard2.1\\System.Runtime.dll", "C:\\Program Files\\dotnet\\packs\\NETStandard.Library.Ref\\2.1.0\\ref\\netstandard2.1\\System.Runtime.Extensions.dll", "C:\\Program Files\\dotnet\\packs\\NETStandard.Library.Ref\\2.1.0\\ref\\netstandard2.1\\System.Runtime.Handles.dll", "C:\\Program Files\\dotnet\\packs\\NETStandard.Library.Ref\\2.1.0\\ref\\netstandard2.1\\System.Runtime.InteropServices.dll", "C:\\Program Files\\dotnet\\packs\\NETStandard.Library.Ref\\2.1.0\\ref\\netstandard2.1\\System.Runtime.InteropServices.RuntimeInformation.dll", "C:\\Program Files\\dotnet\\packs\\NETStandard.Library.Ref\\2.1.0\\ref\\netstandard2.1\\System.Runtime.Numerics.dll", "C:\\Program Files\\dotnet\\packs\\NETStandard.Library.Ref\\2.1.0\\ref\\netstandard2.1\\System.Runtime.Serialization.dll", "C:\\Program Files\\dotnet\\packs\\NETStandard.Library.Ref\\2.1.0\\ref\\netstandard2.1\\System.Runtime.Serialization.Formatters.dll", "C:\\Program Files\\dotnet\\packs\\NETStandard.Library.Ref\\2.1.0\\ref\\netstandard2.1\\System.Runtime.Serialization.Json.dll", "C:\\Program Files\\dotnet\\packs\\NETStandard.Library.Ref\\2.1.0\\ref\\netstandard2.1\\System.Runtime.Serialization.Primitives.dll", "C:\\Program Files\\dotnet\\packs\\NETStandard.Library.Ref\\2.1.0\\ref\\netstandard2.1\\System.Runtime.Serialization.Xml.dll", "C:\\Program Files\\dotnet\\packs\\NETStandard.Library.Ref\\2.1.0\\ref\\netstandard2.1\\System.Security.Claims.dll", "C:\\Program Files\\dotnet\\packs\\NETStandard.Library.Ref\\2.1.0\\ref\\netstandard2.1\\System.Security.Cryptography.Algorithms.dll", "C:\\Program Files\\dotnet\\packs\\NETStandard.Library.Ref\\2.1.0\\ref\\netstandard2.1\\System.Security.Cryptography.Csp.dll", "C:\\Program Files\\dotnet\\packs\\NETStandard.Library.Ref\\2.1.0\\ref\\netstandard2.1\\System.Security.Cryptography.Encoding.dll", "C:\\Program Files\\dotnet\\packs\\NETStandard.Library.Ref\\2.1.0\\ref\\netstandard2.1\\System.Security.Cryptography.Primitives.dll", "C:\\Program Files\\dotnet\\packs\\NETStandard.Library.Ref\\2.1.0\\ref\\netstandard2.1\\System.Security.Cryptography.X509Certificates.dll", "C:\\Program Files\\dotnet\\packs\\NETStandard.Library.Ref\\2.1.0\\ref\\netstandard2.1\\System.Security.Principal.dll", "C:\\Program Files\\dotnet\\packs\\NETStandard.Library.Ref\\2.1.0\\ref\\netstandard2.1\\System.Security.SecureString.dll", "C:\\Program Files\\dotnet\\packs\\NETStandard.Library.Ref\\2.1.0\\ref\\netstandard2.1\\System.ServiceModel.Web.dll", "C:\\Program Files\\dotnet\\packs\\NETStandard.Library.Ref\\2.1.0\\ref\\netstandard2.1\\System.Text.Encoding.dll", "C:\\Program Files\\dotnet\\packs\\NETStandard.Library.Ref\\2.1.0\\ref\\netstandard2.1\\System.Text.Encoding.Extensions.dll", "C:\\Program Files\\dotnet\\packs\\NETStandard.Library.Ref\\2.1.0\\ref\\netstandard2.1\\System.Text.RegularExpressions.dll", "C:\\Program Files\\dotnet\\packs\\NETStandard.Library.Ref\\2.1.0\\ref\\netstandard2.1\\System.Threading.dll", "C:\\Program Files\\dotnet\\packs\\NETStandard.Library.Ref\\2.1.0\\ref\\netstandard2.1\\System.Threading.Overlapped.dll", "C:\\Program Files\\dotnet\\packs\\NETStandard.Library.Ref\\2.1.0\\ref\\netstandard2.1\\System.Threading.Tasks.dll", "C:\\Program Files\\dotnet\\packs\\NETStandard.Library.Ref\\2.1.0\\ref\\netstandard2.1\\System.Threading.Tasks.Extensions.dll", "C:\\Program Files\\dotnet\\packs\\NETStandard.Library.Ref\\2.1.0\\ref\\netstandard2.1\\System.Threading.Tasks.Parallel.dll", "C:\\Program Files\\dotnet\\packs\\NETStandard.Library.Ref\\2.1.0\\ref\\netstandard2.1\\System.Threading.Thread.dll", "C:\\Program Files\\dotnet\\packs\\NETStandard.Library.Ref\\2.1.0\\ref\\netstandard2.1\\System.Threading.ThreadPool.dll", "C:\\Program Files\\dotnet\\packs\\NETStandard.Library.Ref\\2.1.0\\ref\\netstandard2.1\\System.Threading.Timer.dll", "C:\\Program Files\\dotnet\\packs\\NETStandard.Library.Ref\\2.1.0\\ref\\netstandard2.1\\System.Transactions.dll", "C:\\Program Files\\dotnet\\packs\\NETStandard.Library.Ref\\2.1.0\\ref\\netstandard2.1\\System.ValueTuple.dll", "C:\\Program Files\\dotnet\\packs\\NETStandard.Library.Ref\\2.1.0\\ref\\netstandard2.1\\System.Web.dll", "C:\\Program Files\\dotnet\\packs\\NETStandard.Library.Ref\\2.1.0\\ref\\netstandard2.1\\System.Windows.dll", "C:\\Program Files\\dotnet\\packs\\NETStandard.Library.Ref\\2.1.0\\ref\\netstandard2.1\\System.Xml.dll", "C:\\Program Files\\dotnet\\packs\\NETStandard.Library.Ref\\2.1.0\\ref\\netstandard2.1\\System.Xml.Linq.dll", "C:\\Program Files\\dotnet\\packs\\NETStandard.Library.Ref\\2.1.0\\ref\\netstandard2.1\\System.Xml.ReaderWriter.dll", "C:\\Program Files\\dotnet\\packs\\NETStandard.Library.Ref\\2.1.0\\ref\\netstandard2.1\\System.Xml.Serialization.dll", "C:\\Program Files\\dotnet\\packs\\NETStandard.Library.Ref\\2.1.0\\ref\\netstandard2.1\\System.Xml.XDocument.dll", "C:\\Program Files\\dotnet\\packs\\NETStandard.Library.Ref\\2.1.0\\ref\\netstandard2.1\\System.Xml.XmlDocument.dll", "C:\\Program Files\\dotnet\\packs\\NETStandard.Library.Ref\\2.1.0\\ref\\netstandard2.1\\System.Xml.XmlSerializer.dll", "C:\\Program Files\\dotnet\\packs\\NETStandard.Library.Ref\\2.1.0\\ref\\netstandard2.1\\System.Xml.XPath.dll", "C:\\Program Files\\dotnet\\packs\\NETStandard.Library.Ref\\2.1.0\\ref\\netstandard2.1\\System.Xml.XPath.XDocument.dll", "D:\\Projects 2.0\\Lethal Company\\Lethal-Bots\\lib\\mods\\TooManyEmotes.dll", "D:\\Projects 2.0\\Lethal Company\\Lethal-Bots\\lib\\Unity.Animation.Rigging.dll", "D:\\Projects 2.0\\Lethal Company\\Lethal-Bots\\lib\\Unity.Collections.dll", "D:\\Projects 2.0\\Lethal Company\\Lethal-Bots\\lib\\Unity.InputSystem.dll", "D:\\Projects 2.0\\Lethal Company\\Lethal-Bots\\lib\\Unity.Netcode.Runtime.dll", "D:\\Projects 2.0\\Lethal Company\\Lethal-Bots\\lib\\Unity.TextMeshPro.dll", "C:\\Users\\ethan\\.nuget\\packages\\unityengine.modules\\6000.2.12\\lib\\netstandard2.0\\UnityEngine.AccessibilityModule.dll", "C:\\Users\\ethan\\.nuget\\packages\\unityengine.modules\\6000.2.12\\lib\\netstandard2.0\\UnityEngine.AIModule.dll", "C:\\Users\\ethan\\.nuget\\packages\\unityengine.modules\\6000.2.12\\lib\\netstandard2.0\\UnityEngine.AndroidJNIModule.dll", "C:\\Users\\ethan\\.nuget\\packages\\unityengine.modules\\6000.2.12\\lib\\netstandard2.0\\UnityEngine.AnimationModule.dll", "C:\\Users\\ethan\\.nuget\\packages\\unityengine.modules\\6000.2.12\\lib\\netstandard2.0\\UnityEngine.AssetBundleModule.dll", "C:\\Users\\ethan\\.nuget\\packages\\unityengine.modules\\6000.2.12\\lib\\netstandard2.0\\UnityEngine.AudioModule.dll", "C:\\Users\\ethan\\.nuget\\packages\\unityengine.modules\\6000.2.12\\lib\\netstandard2.0\\UnityEngine.ClothModule.dll", "C:\\Users\\ethan\\.nuget\\packages\\unityengine.modules\\6000.2.12\\lib\\netstandard2.0\\UnityEngine.ClusterInputModule.dll", "C:\\Users\\ethan\\.nuget\\packages\\unityengine.modules\\6000.2.12\\lib\\netstandard2.0\\UnityEngine.ClusterRendererModule.dll", "C:\\Users\\ethan\\.nuget\\packages\\unityengine.modules\\6000.2.12\\lib\\netstandard2.0\\UnityEngine.ContentLoadModule.dll", "D:\\Projects 2.0\\Lethal Company\\Lethal-Bots\\lib\\UnityEngine.CoreModule.dll", "C:\\Users\\ethan\\.nuget\\packages\\unityengine.modules\\6000.2.12\\lib\\netstandard2.0\\UnityEngine.CrashReportingModule.dll", "C:\\Users\\ethan\\.nuget\\packages\\unityengine.modules\\6000.2.12\\lib\\netstandard2.0\\UnityEngine.DirectorModule.dll", "D:\\Projects 2.0\\Lethal Company\\Lethal-Bots\\lib\\UnityEngine.dll", "C:\\Users\\ethan\\.nuget\\packages\\unityengine.modules\\6000.2.12\\lib\\netstandard2.0\\UnityEngine.DSPGraphModule.dll", "C:\\Users\\ethan\\.nuget\\packages\\unityengine.modules\\6000.2.12\\lib\\netstandard2.0\\UnityEngine.GameCenterModule.dll", "C:\\Users\\ethan\\.nuget\\packages\\unityengine.modules\\6000.2.12\\lib\\netstandard2.0\\UnityEngine.GIModule.dll", "C:\\Users\\ethan\\.nuget\\packages\\unityengine.modules\\6000.2.12\\lib\\netstandard2.0\\UnityEngine.GraphicsStateCollectionSerializerModule.dll", "C:\\Users\\ethan\\.nuget\\packages\\unityengine.modules\\6000.2.12\\lib\\netstandard2.0\\UnityEngine.GridModule.dll", "C:\\Users\\ethan\\.nuget\\packages\\unityengine.modules\\6000.2.12\\lib\\netstandard2.0\\UnityEngine.HierarchyCoreModule.dll", "C:\\Users\\ethan\\.nuget\\packages\\unityengine.modules\\6000.2.12\\lib\\netstandard2.0\\UnityEngine.HotReloadModule.dll", "C:\\Users\\ethan\\.nuget\\packages\\unityengine.modules\\6000.2.12\\lib\\netstandard2.0\\UnityEngine.IdentifiersModule.dll", "C:\\Users\\ethan\\.nuget\\packages\\unityengine.modules\\6000.2.12\\lib\\netstandard2.0\\UnityEngine.ImageConversionModule.dll", "C:\\Users\\ethan\\.nuget\\packages\\unityengine.modules\\6000.2.12\\lib\\netstandard2.0\\UnityEngine.IMGUIModule.dll", "C:\\Users\\ethan\\.nuget\\packages\\unityengine.modules\\6000.2.12\\lib\\netstandard2.0\\UnityEngine.InputForUIModule.dll", "C:\\Users\\ethan\\.nuget\\packages\\unityengine.modules\\6000.2.12\\lib\\netstandard2.0\\UnityEngine.InputLegacyModule.dll", "C:\\Users\\ethan\\.nuget\\packages\\unityengine.modules\\6000.2.12\\lib\\netstandard2.0\\UnityEngine.InputModule.dll", "C:\\Users\\ethan\\.nuget\\packages\\unityengine.modules\\6000.2.12\\lib\\netstandard2.0\\UnityEngine.JSONSerializeModule.dll", "C:\\Users\\ethan\\.nuget\\packages\\unityengine.modules\\6000.2.12\\lib\\netstandard2.0\\UnityEngine.LocalizationModule.dll", "C:\\Users\\ethan\\.nuget\\packages\\unityengine.modules\\6000.2.12\\lib\\netstandard2.0\\UnityEngine.MarshallingModule.dll", "C:\\Users\\ethan\\.nuget\\packages\\unityengine.modules\\6000.2.12\\lib\\netstandard2.0\\UnityEngine.MultiplayerModule.dll", "C:\\Users\\ethan\\.nuget\\packages\\unityengine.modules\\6000.2.12\\lib\\netstandard2.0\\UnityEngine.ParticleSystemModule.dll", "C:\\Users\\ethan\\.nuget\\packages\\unityengine.modules\\6000.2.12\\lib\\netstandard2.0\\UnityEngine.PerformanceReportingModule.dll", "C:\\Users\\ethan\\.nuget\\packages\\unityengine.modules\\6000.2.12\\lib\\netstandard2.0\\UnityEngine.Physics2DModule.dll", "C:\\Users\\ethan\\.nuget\\packages\\unityengine.modules\\6000.2.12\\lib\\netstandard2.0\\UnityEngine.PhysicsModule.dll", "C:\\Users\\ethan\\.nuget\\packages\\unityengine.modules\\6000.2.12\\lib\\netstandard2.0\\UnityEngine.PropertiesModule.dll", "C:\\Users\\ethan\\.nuget\\packages\\unityengine.modules\\6000.2.12\\lib\\netstandard2.0\\UnityEngine.RuntimeInitializeOnLoadManagerInitializerModule.dll", "C:\\Users\\ethan\\.nuget\\packages\\unityengine.modules\\6000.2.12\\lib\\netstandard2.0\\UnityEngine.ScreenCaptureModule.dll", "C:\\Users\\ethan\\.nuget\\packages\\unityengine.modules\\6000.2.12\\lib\\netstandard2.0\\UnityEngine.ShaderVariantAnalyticsModule.dll", "C:\\Users\\ethan\\.nuget\\packages\\unityengine.modules\\6000.2.12\\lib\\netstandard2.0\\UnityEngine.SharedInternalsModule.dll", "C:\\Users\\ethan\\.nuget\\packages\\unityengine.modules\\6000.2.12\\lib\\netstandard2.0\\UnityEngine.SpriteMaskModule.dll", "C:\\Users\\ethan\\.nuget\\packages\\unityengine.modules\\6000.2.12\\lib\\netstandard2.0\\UnityEngine.SpriteShapeModule.dll", "C:\\Users\\ethan\\.nuget\\packages\\unityengine.modules\\6000.2.12\\lib\\netstandard2.0\\UnityEngine.StreamingModule.dll", "C:\\Users\\ethan\\.nuget\\packages\\unityengine.modules\\6000.2.12\\lib\\netstandard2.0\\UnityEngine.SubstanceModule.dll", "C:\\Users\\ethan\\.nuget\\packages\\unityengine.modules\\6000.2.12\\lib\\netstandard2.0\\UnityEngine.SubsystemsModule.dll", "C:\\Users\\ethan\\.nuget\\packages\\unityengine.modules\\6000.2.12\\lib\\netstandard2.0\\UnityEngine.TerrainModule.dll", "C:\\Users\\ethan\\.nuget\\packages\\unityengine.modules\\6000.2.12\\lib\\netstandard2.0\\UnityEngine.TerrainPhysicsModule.dll", "C:\\Users\\ethan\\.nuget\\packages\\unityengine.modules\\6000.2.12\\lib\\netstandard2.0\\UnityEngine.TextCoreFontEngineModule.dll", "C:\\Users\\ethan\\.nuget\\packages\\unityengine.modules\\6000.2.12\\lib\\netstandard2.0\\UnityEngine.TextCoreTextEngineModule.dll", "C:\\Users\\ethan\\.nuget\\packages\\unityengine.modules\\6000.2.12\\lib\\netstandard2.0\\UnityEngine.TextRenderingModule.dll", "C:\\Users\\ethan\\.nuget\\packages\\unityengine.modules\\6000.2.12\\lib\\netstandard2.0\\UnityEngine.TilemapModule.dll", "C:\\Users\\ethan\\.nuget\\packages\\unityengine.modules\\6000.2.12\\lib\\netstandard2.0\\UnityEngine.TLSModule.dll", "D:\\Projects 2.0\\Lethal Company\\Lethal-Bots\\lib\\UnityEngine.UI.dll", "C:\\Users\\ethan\\.nuget\\packages\\unityengine.modules\\6000.2.12\\lib\\netstandard2.0\\UnityEngine.UIElementsModule.dll", "C:\\Users\\ethan\\.nuget\\packages\\unityengine.modules\\6000.2.12\\lib\\netstandard2.0\\UnityEngine.UIModule.dll", "C:\\Users\\ethan\\.nuget\\packages\\unityengine.modules\\6000.2.12\\lib\\netstandard2.0\\UnityEngine.UmbraModule.dll", "C:\\Users\\ethan\\.nuget\\packages\\unityengine.modules\\6000.2.12\\lib\\netstandard2.0\\UnityEngine.UnityAnalyticsCommonModule.dll", "C:\\Users\\ethan\\.nuget\\packages\\unityengine.modules\\6000.2.12\\lib\\netstandard2.0\\UnityEngine.UnityAnalyticsModule.dll", "C:\\Users\\ethan\\.nuget\\packages\\unityengine.modules\\6000.2.12\\lib\\netstandard2.0\\UnityEngine.UnityConnectModule.dll", "C:\\Users\\ethan\\.nuget\\packages\\unityengine.modules\\6000.2.12\\lib\\netstandard2.0\\UnityEngine.UnityConsentModule.dll", "C:\\Users\\ethan\\.nuget\\packages\\unityengine.modules\\6000.2.12\\lib\\netstandard2.0\\UnityEngine.UnityCurlModule.dll", "C:\\Users\\ethan\\.nuget\\packages\\unityengine.modules\\6000.2.12\\lib\\netstandard2.0\\UnityEngine.UnityTestProtocolModule.dll", "C:\\Users\\ethan\\.nuget\\packages\\unityengine.modules\\6000.2.12\\lib\\netstandard2.0\\UnityEngine.UnityWebRequestAssetBundleModule.dll", "C:\\Users\\ethan\\.nuget\\packages\\unityengine.modules\\6000.2.12\\lib\\netstandard2.0\\UnityEngine.UnityWebRequestAudioModule.dll", "C:\\Users\\ethan\\.nuget\\packages\\unityengine.modules\\6000.2.12\\lib\\netstandard2.0\\UnityEngine.UnityWebRequestModule.dll", "C:\\Users\\ethan\\.nuget\\packages\\unityengine.modules\\6000.2.12\\lib\\netstandard2.0\\UnityEngine.UnityWebRequestTextureModule.dll", "C:\\Users\\ethan\\.nuget\\packages\\unityengine.modules\\6000.2.12\\lib\\netstandard2.0\\UnityEngine.UnityWebRequestWWWModule.dll", "C:\\Users\\ethan\\.nuget\\packages\\unityengine.modules\\6000.2.12\\lib\\netstandard2.0\\UnityEngine.VehiclesModule.dll", "C:\\Users\\ethan\\.nuget\\packages\\unityengine.modules\\6000.2.12\\lib\\netstandard2.0\\UnityEngine.VFXModule.dll", "C:\\Users\\ethan\\.nuget\\packages\\unityengine.modules\\6000.2.12\\lib\\netstandard2.0\\UnityEngine.VideoModule.dll", "C:\\Users\\ethan\\.nuget\\packages\\unityengine.modules\\6000.2.12\\lib\\netstandard2.0\\UnityEngine.VirtualTexturingModule.dll", "C:\\Users\\ethan\\.nuget\\packages\\unityengine.modules\\6000.2.12\\lib\\netstandard2.0\\UnityEngine.VRModule.dll", "C:\\Users\\ethan\\.nuget\\packages\\unityengine.modules\\6000.2.12\\lib\\netstandard2.0\\UnityEngine.WindModule.dll", "C:\\Users\\ethan\\.nuget\\packages\\unityengine.modules\\6000.2.12\\lib\\netstandard2.0\\UnityEngine.XRModule.dll"]
  [22:39:36 INF] Patching 1 assemblies:
  ["LethalBots.dll"]
  [22:39:36 INF] Found 231 dependency assemblies:
  ["0Harmony.dll", "Assembly-CSharp-firstpass.dll", "Assembly-CSharp.dll", "BepInEx.dll", "BetterEmotes.dll", "BunkbedRevive.dll", "com.sigurd.csync.dll", "CustomItemBehaviourLibrary.dll", "Facepunch.Steamworks.Win64.dll", "FacilityMeltdown.dll", "FasterItemDropship.dll", "LethalCompanyInputUtils.dll", "LethalInternship.dll", "LethalLib.dll", "LethalPhones.dll", "Microsoft.Win32.Primitives.dll", "ModelReplacementAPI.dll", "Mono.Cecil.dll", "Mono.Cecil.Mdb.dll", "Mono.Cecil.Pdb.dll", "Mono.Cecil.Rocks.dll", "MonoMod.RuntimeDetour.dll", "MonoMod.Utils.dll", "MoreCompany.dll", "MoreEmotes1.3.3.dll", "mscorlib.dll", "netstandard.dll", "Newtonsoft.Json.dll", "NoteBoxz.LethalMin.dll", "Peepers.dll", "PySpeech.dll", "ReviveCompany.dll", "System.AppContext.dll", "System.Buffers.dll", "System.Collections.Concurrent.dll", "System.Collections.dll", "System.Collections.NonGeneric.dll", "System.Collections.Specialized.dll", "System.ComponentModel.Composition.dll", "System.ComponentModel.dll", "System.ComponentModel.EventBasedAsync.dll", "System.ComponentModel.Primitives.dll", "System.ComponentModel.TypeConverter.dll", "System.Console.dll", "System.Core.dll", "System.Data.Common.dll", "System.Data.dll", "System.Diagnostics.Contracts.dll", "System.Diagnostics.Debug.dll", "System.Diagnostics.FileVersionInfo.dll", "System.Diagnostics.Process.dll", "System.Diagnostics.StackTrace.dll", "System.Diagnostics.TextWriterTraceListener.dll", "System.Diagnostics.Tools.dll", "System.Diagnostics.TraceSource.dll", "System.Diagnostics.Tracing.dll", "System.dll", "System.Drawing.dll", "System.Drawing.Primitives.dll", "System.Dynamic.Runtime.dll", "System.Globalization.Calendars.dll", "System.Globalization.dll", "System.Globalization.Extensions.dll", "System.IO.Compression.dll", "System.IO.Compression.FileSystem.dll", "System.IO.Compression.ZipFile.dll", "System.IO.dll", "System.IO.FileSystem.dll", "System.IO.FileSystem.DriveInfo.dll", "System.IO.FileSystem.Primitives.dll", "System.IO.FileSystem.Watcher.dll", "System.IO.IsolatedStorage.dll", "System.IO.MemoryMappedFiles.dll", "System.IO.Pipes.dll", "System.IO.UnmanagedMemoryStream.dll", "System.Linq.dll", "System.Linq.Expressions.dll", "System.Linq.Parallel.dll", "System.Linq.Queryable.dll", "System.Memory.dll", "System.Net.dll", "System.Net.Http.dll", "System.Net.NameResolution.dll", "System.Net.NetworkInformation.dll", "System.Net.Ping.dll", "System.Net.Primitives.dll", "System.Net.Requests.dll", "System.Net.Security.dll", "System.Net.Sockets.dll", "System.Net.WebHeaderCollection.dll", "System.Net.WebSockets.Client.dll", "System.Net.WebSockets.dll", "System.Numerics.dll", "System.Numerics.Vectors.dll", "System.ObjectModel.dll", "System.Reflection.DispatchProxy.dll", "System.Reflection.dll", "System.Reflection.Emit.dll", "System.Reflection.Emit.ILGeneration.dll", "System.Reflection.Emit.Lightweight.dll", "System.Reflection.Extensions.dll", "System.Reflection.Primitives.dll", "System.Reflection.TypeExtensions.dll", "System.Resources.Reader.dll", "System.Resources.ResourceManager.dll", "System.Resources.Writer.dll", "System.Runtime.CompilerServices.VisualC.dll", "System.Runtime.dll", "System.Runtime.Extensions.dll", "System.Runtime.Handles.dll", "System.Runtime.InteropServices.dll", "System.Runtime.InteropServices.RuntimeInformation.dll", "System.Runtime.Numerics.dll", "System.Runtime.Serialization.dll", "System.Runtime.Serialization.Formatters.dll", "System.Runtime.Serialization.Json.dll", "System.Runtime.Serialization.Primitives.dll", "System.Runtime.Serialization.Xml.dll", "System.Security.Claims.dll", "System.Security.Cryptography.Algorithms.dll", "System.Security.Cryptography.Csp.dll", "System.Security.Cryptography.Encoding.dll", "System.Security.Cryptography.Primitives.dll", "System.Security.Cryptography.X509Certificates.dll", "System.Security.Principal.dll", "System.Security.SecureString.dll", "System.ServiceModel.Web.dll", "System.Text.Encoding.dll", "System.Text.Encoding.Extensions.dll", "System.Text.RegularExpressions.dll", "System.Threading.dll", "System.Threading.Overlapped.dll", "System.Threading.Tasks.dll", "System.Threading.Tasks.Extensions.dll", "System.Threading.Tasks.Parallel.dll", "System.Threading.Thread.dll", "System.Threading.ThreadPool.dll", "System.Threading.Timer.dll", "System.Transactions.dll", "System.ValueTuple.dll", "System.Web.dll", "System.Windows.dll", "System.Xml.dll", "System.Xml.Linq.dll", "System.Xml.ReaderWriter.dll", "System.Xml.Serialization.dll", "System.Xml.XDocument.dll", "System.Xml.XmlDocument.dll", "System.Xml.XmlSerializer.dll", "System.Xml.XPath.dll", "System.Xml.XPath.XDocument.dll", "TooManyEmotes.dll", "Unity.Animation.Rigging.dll", "Unity.Collections.dll", "Unity.InputSystem.dll", "Unity.Netcode.Runtime.dll", "Unity.TextMeshPro.dll", "UnityEngine.AccessibilityModule.dll", "UnityEngine.AIModule.dll", "UnityEngine.AndroidJNIModule.dll", "UnityEngine.AnimationModule.dll", "UnityEngine.AssetBundleModule.dll", "UnityEngine.AudioModule.dll", "UnityEngine.ClothModule.dll", "UnityEngine.ClusterInputModule.dll", "UnityEngine.ClusterRendererModule.dll", "UnityEngine.ContentLoadModule.dll", "UnityEngine.CoreModule.dll", "UnityEngine.CrashReportingModule.dll", "UnityEngine.DirectorModule.dll", "UnityEngine.dll", "UnityEngine.DSPGraphModule.dll", "UnityEngine.GameCenterModule.dll", "UnityEngine.GIModule.dll", "UnityEngine.GraphicsStateCollectionSerializerModule.dll", "UnityEngine.GridModule.dll", "UnityEngine.HierarchyCoreModule.dll", "UnityEngine.HotReloadModule.dll", "UnityEngine.IdentifiersModule.dll", "UnityEngine.ImageConversionModule.dll", "UnityEngine.IMGUIModule.dll", "UnityEngine.InputForUIModule.dll", "UnityEngine.InputLegacyModule.dll", "UnityEngine.InputModule.dll", "UnityEngine.JSONSerializeModule.dll", "UnityEngine.LocalizationModule.dll", "UnityEngine.MarshallingModule.dll", "UnityEngine.MultiplayerModule.dll", "UnityEngine.ParticleSystemModule.dll", "UnityEngine.PerformanceReportingModule.dll", "UnityEngine.Physics2DModule.dll", "UnityEngine.PhysicsModule.dll", "UnityEngine.PropertiesModule.dll", "UnityEngine.RuntimeInitializeOnLoadManagerInitializerModule.dll", "UnityEngine.ScreenCaptureModule.dll", "UnityEngine.ShaderVariantAnalyticsModule.dll", "UnityEngine.SharedInternalsModule.dll", "UnityEngine.SpriteMaskModule.dll", "UnityEngine.SpriteShapeModule.dll", "UnityEngine.StreamingModule.dll", "UnityEngine.SubstanceModule.dll", "UnityEngine.SubsystemsModule.dll", "UnityEngine.TerrainModule.dll", "UnityEngine.TerrainPhysicsModule.dll", "UnityEngine.TextCoreFontEngineModule.dll", "UnityEngine.TextCoreTextEngineModule.dll", "UnityEngine.TextRenderingModule.dll", "UnityEngine.TilemapModule.dll", "UnityEngine.TLSModule.dll", "UnityEngine.UI.dll", "UnityEngine.UIElementsModule.dll", "UnityEngine.UIModule.dll", "UnityEngine.UmbraModule.dll", "UnityEngine.UnityAnalyticsCommonModule.dll", "UnityEngine.UnityAnalyticsModule.dll", "UnityEngine.UnityConnectModule.dll", "UnityEngine.UnityConsentModule.dll", "UnityEngine.UnityCurlModule.dll", "UnityEngine.UnityTestProtocolModule.dll", "UnityEngine.UnityWebRequestAssetBundleModule.dll", "UnityEngine.UnityWebRequestAudioModule.dll", "UnityEngine.UnityWebRequestModule.dll", "UnityEngine.UnityWebRequestTextureModule.dll", "UnityEngine.UnityWebRequestWWWModule.dll", "UnityEngine.VehiclesModule.dll", "UnityEngine.VFXModule.dll", "UnityEngine.VideoModule.dll", "UnityEngine.VirtualTexturingModule.dll", "UnityEngine.VRModule.dll", "UnityEngine.WindModule.dll", "UnityEngine.XRModule.dll"]
  [22:39:36 DBG] Loading patcher from C:\Users\ethan\.nuget\packages\evaisa.netcodepatcher.cli\4.4.2\tools\net8.0\any\unity-v2022.3.62\unity-transport-v1.0.0\netcode-v1.12.0\without-native-collection-support\NetcodePatcher.dll
  [22:39:36 DBG] Shared Dependency Serilog, Version=2.0.0.0, Culture=neutral, PublicKeyToken=24c2f752a8e58a10 loading from C:\Users\ethan\.nuget\packages\evaisa.netcodepatcher.cli\4.4.2\tools\net8.0\any\unity-v2022.3.62\unity-transport-v1.0.0\Serilog.dll
  [22:39:36 INF] Reading : LethalBots.dll
  [22:39:36 INF] Found embedded debug info : (LethalBots)
  [22:39:36 INF] Patching : LethalBots.dll
  [22:39:36 INF] Deleting : LethalBots_original.dll
  [22:39:37 DBG] Looking for reference to remove...
  [22:39:38 INF] Patched successfully : LethalBots.dll -> LethalBots.dll
  [22:39:38 INF] Done in 00:00:01.9267944

Build succeeded.

D:\Projects 2.0\Lethal Company\Lethal-Bots\Patches\NpcPatches\PlayerControllerBPatch.cs(183,17): warning CS0162: Unreachable code detected [D:\Projects 2.0\Lethal Company\Lethal-Bots\LethalBot.csproj]
D:\Projects 2.0\Lethal Company\Lethal-Bots\Patches\NpcPatches\PlayerControllerBPatch.cs(287,17): warning CS0162: Unreachable code detected [D:\Projects 2.0\Lethal Company\Lethal-Bots\LethalBot.csproj]
D:\Projects 2.0\Lethal Company\Lethal-Bots\Patches\GameEnginePatches\RoundManagerPatch.cs(22,13): warning CS0162: Unreachable code detected [D:\Projects 2.0\Lethal Company\Lethal-Bots\LethalBot.csproj]
D:\Projects 2.0\Lethal Company\Lethal-Bots\Patches\GameEnginePatches\RoundManagerPatch.cs(39,13): warning CS0162: Unreachable code detected [D:\Projects 2.0\Lethal Company\Lethal-Bots\LethalBot.csproj]
D:\Projects 2.0\Lethal Company\Lethal-Bots\Utils\LineRendererUtil.cs(29,13): warning CS0162: Unreachable code detected [D:\Projects 2.0\Lethal Company\Lethal-Bots\LethalBot.csproj]
D:\Projects 2.0\Lethal Company\Lethal-Bots\Patches\GameEnginePatches\NetworkObjectPatch.cs(53,13): warning CS0162: Unreachable code detected [D:\Projects 2.0\Lethal Company\Lethal-Bots\LethalBot.csproj]
    6 Warning(s)
    0 Error(s)

Time Elapsed 00:00:03.49
